"uninstall\data\pack200\server_nmsbase.pack200lst"
"===========Start to deal the file server_nmsbase.pack200lst,============"
Deal the file .\client\client\plugins\u2000nelicense\nelic.jar
Deal the file .\client\client\productlib\cbb\dmf.jar
Deal the file .\client\client\productlib\cbb\ipcommonfeature.jar
Deal the file .\client\client\productlib\cbb\mpls.jar
Deal the file .\client\client\productlib\cbb\nevpn.jar
Deal the file .\client\client\productlib\cbb\oam.jar
Deal the file .\client\client\productlib\cbb\route.jar
Deal the file .\client\client\productlib\cbb\v8common.jar
Deal the file .\client\client\productlib\dc\adapter.jar
Deal the file .\client\client\productlib\dc\cmffileutil.jar
Deal the file .\client\client\productlib\dc\dc.jar
Deal the file .\client\client\productlib\dc\dcasn.jar
Deal the file .\client\client\productlib\dc\ToolkitAsn.jar
Deal the file .\client\client\productlib\env\Enpower.jar
Deal the file .\client\client\productlib\ip_base\ipbase.jar
Deal the file .\client\client\productlib\ip_common\ipcommon.jar
Deal the file .\client\client\productlib\ip_pathviewer\pathviewer.jar
Deal the file .\client\client\productlib\nml_common\clock.jar
Deal the file .\client\client\productlib\nml_common\nmlcbb_asn.jar
Deal the file .\client\client\productlib\nml_common\nmltrans_asn.jar
Deal the file .\client\client\productlib\nml_common\nml_cbb.jar
Deal the file .\client\client\productlib\nml_common\nml_common.jar
Deal the file .\client\client\productlib\nml_cps\networkpath.jar
Deal the file .\client\client\productlib\nml_cps\nmlcps.jar
Deal the file .\client\client\productlib\nml_cps\nmlcps_asn.jar
Deal the file .\client\client\productlib\nml_eth\nml_eth.jar
Deal the file .\client\client\productlib\nml_ip\nmlip_asn.jar
Deal the file .\client\client\productlib\nml_ip\nmlip_common.jar
Deal the file .\client\client\productlib\nml_ip\nmlip_ipmigrate.jar
Deal the file .\client\client\productlib\nml_ip\nmlip_l3vpn.jar
Deal the file .\client\client\productlib\nml_ip\nmlip_pwe3.jar
Deal the file .\client\client\productlib\nml_ip\nmlip_tunnel.jar
Deal the file .\client\client\productlib\nml_ip\nmlip_vpls.jar
Deal the file .\client\client\productlib\nml_otn\nml_otn.jar
Deal the file .\client\client\productlib\nml_sdh\nml_sdh.jar
Deal the file .\client\client\productlib\nml_vlan\nmlvlan_asn.jar
Deal the file .\client\client\productlib\nml_vlan\nml_vlan.jar
Deal the file .\client\client\productlib\pm\defaultplugin.jar
Deal the file .\client\client\productlib\pm\linkplugin.jar
Deal the file .\client\client\productlib\pm\PMS.jar
Deal the file .\client\client\productlib\pm\PMSDataQuery.jar
Deal the file .\client\client\productlib\pm\PMSFAsn.jar
Deal the file .\client\client\productlib\pm\PMSRTP.jar
Deal the file .\client\client\productlib\pm\PMSUtility.jar
Deal the file .\client\client\productlib\pm\sliptable.jar
Deal the file .\client\client\productlib\pm\testpathplugin.jar
Deal the file .\client\engineering\product_msuiteclient\plugin_NBI_Plugins_1.1.0.jar
Deal the file .\client\engineering\product_msuiteclient\plugin_PM_client_1.0.0.jar
Deal the file .\engr\install\modules\product_msuiteserver\plugin_PM_server_1.0.0.jar
Deal the file .\engr\install\modules\product_server\plugin_NBI_Service_1.0.0.jar
Deal the file .\server\3rdlib\commons-jxpath-1.3.jar
Deal the file .\server\3rdlib\yangtools\antlr4-runtime-osgi-nohead-4.0.jar
Deal the file .\server\3rdlib\yangtools\concepts-0.7.4-Lithium-SR4.jar
Deal the file .\server\3rdlib\yangtools\guava-18.0.jar
Deal the file .\server\3rdlib\yangtools\java-concurrent-hash-trie-map-0.2.23.jar
Deal the file .\server\3rdlib\yangtools\slf4j-api-1.7.2.jar
Deal the file .\server\3rdlib\yangtools\yang-common-0.7.4-Lithium-SR4.jar
Deal the file .\server\3rdlib\yangtools\yang-model-api-0.7.4-Lithium-SR4.jar
Deal the file .\server\3rdlib\yangtools\yang-model-util-0.7.4-Lithium-SR4.jar
Deal the file .\server\3rdlib\yangtools\yang-parser-api-0.7.4-Lithium-SR4.jar
Deal the file .\server\3rdlib\yangtools\yang-parser-impl-0.7.4-Lithium-SR4.jar
Deal the file .\server\cbb\nbi\nbicbb_3p\activemq\bin\activemq.jar
Deal the file .\server\cbb\nbi\nbicbb_3p\activemq\lib\activemq-broker-5.14.0.jar
Deal the file .\server\cbb\nbi\nbicbb_3p\activemq\lib\activemq-client-5.14.0.jar
Deal the file .\server\cbb\nbi\nbicbb_3p\activemq\lib\activemq-console-5.14.0.jar
Deal the file .\server\cbb\nbi\nbicbb_3p\activemq\lib\activemq-jaas-5.14.0.jar
Deal the file .\server\cbb\nbi\nbicbb_3p\activemq\lib\activemq-kahadb-store-5.14.0.jar
Deal the file .\server\cbb\nbi\nbicbb_3p\activemq\lib\activemq-openwire-legacy-5.14.0.jar
Deal the file .\server\cbb\nbi\nbicbb_3p\activemq\lib\activemq-protobuf-1.1.jar
Deal the file .\server\cbb\nbi\nbicbb_3p\activemq\lib\activemq-spring-5.14.0.jar
Deal the file .\server\cbb\nbi\nbicbb_3p\activemq\lib\activemq-web-5.14.0.jar
Deal the file .\server\cbb\nbi\nbicbb_3p\activemq\lib\geronimo-j2ee-management_1.1_spec-1.0.1.jar
Deal the file .\server\cbb\nbi\nbicbb_3p\activemq\lib\geronimo-jms_1.1_spec-1.1.1.jar
Deal the file .\server\cbb\nbi\nbicbb_3p\activemq\lib\hawtbuf-1.11.jar
Deal the file .\server\cbb\nbi\nbicbb_3p\activemq\lib\jcl-over-slf4j-1.7.13.jar
Deal the file .\server\cbb\nbi\nbicbb_3p\activemq\lib\slf4j-api-1.7.13.jar
Deal the file .\server\cbb\nbi\nbicbb_3p\activemq\lib\optional\activeio-core-3.1.4.jar
Deal the file .\server\cbb\nbi\nbicbb_3p\activemq\lib\optional\activemq-amqp-5.14.0.jar
Deal the file .\server\cbb\nbi\nbicbb_3p\activemq\lib\optional\activemq-http-5.14.0.jar
Deal the file .\server\cbb\nbi\nbicbb_3p\activemq\lib\optional\activemq-jdbc-store-5.14.0.jar
Deal the file .\server\cbb\nbi\nbicbb_3p\activemq\lib\optional\activemq-jms-pool-5.14.0.jar
Deal the file .\server\cbb\nbi\nbicbb_3p\activemq\lib\optional\activemq-leveldb-store-5.14.0.jar
Deal the file .\server\cbb\nbi\nbicbb_3p\activemq\lib\optional\activemq-log4j-appender-5.14.0.jar
Deal the file .\server\cbb\nbi\nbicbb_3p\activemq\lib\optional\activemq-mqtt-5.14.0.jar
Deal the file .\server\cbb\nbi\nbicbb_3p\activemq\lib\optional\activemq-partition-5.14.0.jar
Deal the file .\server\cbb\nbi\nbicbb_3p\activemq\lib\optional\activemq-pool-5.14.0.jar
Deal the file .\server\cbb\nbi\nbicbb_3p\activemq\lib\optional\activemq-runtime-config-5.14.0.jar
Deal the file .\server\cbb\nbi\nbicbb_3p\activemq\lib\optional\activemq-shiro-5.14.0.jar
Deal the file .\server\cbb\nbi\nbicbb_3p\activemq\lib\optional\activemq-stomp-5.14.0.jar
Deal the file .\server\cbb\nbi\nbicbb_3p\activemq\lib\optional\apatchforopenorb131.jar
Deal the file .\server\cbb\nbi\nbicbb_3p\activemq\lib\optional\AuthenticationPlugin.jar
Deal the file .\server\cbb\nbi\nbicbb_3p\activemq\lib\optional\baseutil.jar
Deal the file .\server\cbb\nbi\nbicbb_3p\activemq\lib\optional\com.huawei.imanager.nbi.framework.communication.jar
Deal the file .\server\cbb\nbi\nbicbb_3p\activemq\lib\optional\com.huawei.imanager.nbi.framework.configuration.jar
Deal the file .\server\cbb\nbi\nbicbb_3p\activemq\lib\optional\com.huawei.imanager.nbi.framework.idl.jar
Deal the file .\server\cbb\nbi\nbicbb_3p\activemq\lib\optional\com.huawei.imanager.nbi.framework.log.jar
Deal the file .\server\cbb\nbi\nbicbb_3p\activemq\lib\optional\commonidl.jar
Deal the file .\server\cbb\nbi\nbicbb_3p\activemq\lib\optional\commons-beanutils-1.9.2.jar
Deal the file .\server\cbb\nbi\nbicbb_3p\activemq\lib\optional\commons-codec-1.9.jar
Deal the file .\server\cbb\nbi\nbicbb_3p\activemq\lib\optional\commons-dbcp2-2.1.1.jar
Deal the file .\server\cbb\nbi\nbicbb_3p\activemq\lib\optional\commons-net-3.5.jar
Deal the file .\server\cbb\nbi\nbicbb_3p\activemq\lib\optional\commons-pool2-2.4.2.jar
Deal the file .\server\cbb\nbi\nbicbb_3p\activemq\lib\optional\fstrucomm.jar
Deal the file .\server\cbb\nbi\nbicbb_3p\activemq\lib\optional\geronimo-j2ee-connector_1.5_spec-2.0.0.jar
Deal the file .\server\cbb\nbi\nbicbb_3p\activemq\lib\optional\guava-12.0.jar
Deal the file .\server\cbb\nbi\nbicbb_3p\activemq\lib\optional\hawtbuf-proto-1.11.jar
Deal the file .\server\cbb\nbi\nbicbb_3p\activemq\lib\optional\hawtdispatch-1.22.jar
Deal the file .\server\cbb\nbi\nbicbb_3p\activemq\lib\optional\hawtdispatch-scala-2.11-1.22.jar
Deal the file .\server\cbb\nbi\nbicbb_3p\activemq\lib\optional\hawtdispatch-transport-1.22.jar
Deal the file .\server\cbb\nbi\nbicbb_3p\activemq\lib\optional\hawtjni-runtime-1.9.jar
Deal the file .\server\cbb\nbi\nbicbb_3p\activemq\lib\optional\httpclient-4.5.1.jar
Deal the file .\server\cbb\nbi\nbicbb_3p\activemq\lib\optional\httpcore-4.4.4.jar
Deal the file .\server\cbb\nbi\nbicbb_3p\activemq\lib\optional\imapsslbase.jar
Deal the file .\server\cbb\nbi\nbicbb_3p\activemq\lib\optional\insight-log-core-1.2.0.Beta4.jar
Deal the file .\server\cbb\nbi\nbicbb_3p\activemq\lib\optional\insight-log4j-1.2.0.Beta4.jar
Deal the file .\server\cbb\nbi\nbicbb_3p\activemq\lib\optional\iview.jar
Deal the file .\server\cbb\nbi\nbicbb_3p\activemq\lib\optional\jackson-annotations-2.6.3.jar
Deal the file .\server\cbb\nbi\nbicbb_3p\activemq\lib\optional\jackson-core-2.6.3.jar
Deal the file .\server\cbb\nbi\nbicbb_3p\activemq\lib\optional\jackson-databind-2.6.3.jar
Deal the file .\server\cbb\nbi\nbicbb_3p\activemq\lib\optional\jasypt-spring31-1.9.2.jar
Deal the file .\server\cbb\nbi\nbicbb_3p\activemq\lib\optional\jaxb2-basics-runtime-0.6.4.jar
Deal the file .\server\cbb\nbi\nbicbb_3p\activemq\lib\optional\jettison-1.3.7.jar
Deal the file .\server\cbb\nbi\nbicbb_3p\activemq\lib\optional\jmdns-3.4.1.jar
Deal the file .\server\cbb\nbi\nbicbb_3p\activemq\lib\optional\leveldb-0.6.jar
Deal the file .\server\cbb\nbi\nbicbb_3p\activemq\lib\optional\leveldb-api-0.6.jar
Deal the file .\server\cbb\nbi\nbicbb_3p\activemq\lib\optional\leveldbjni-1.8.jar
Deal the file .\server\cbb\nbi\nbicbb_3p\activemq\lib\optional\NBIPBEStringEncryptor.jar
Deal the file .\server\cbb\nbi\nbicbb_3p\activemq\lib\optional\orbbase.jar
Deal the file .\server\cbb\nbi\nbicbb_3p\activemq\lib\optional\org.linkedin.util-core-1.4.0.jar
Deal the file .\server\cbb\nbi\nbicbb_3p\activemq\lib\optional\org.linkedin.zookeeper-impl-1.4.0.jar
Deal the file .\server\cbb\nbi\nbicbb_3p\activemq\lib\optional\proton-j-0.13.1.jar
Deal the file .\server\cbb\nbi\nbicbb_3p\activemq\lib\optional\scala-library-2.11.0.jar
Deal the file .\server\cbb\nbi\nbicbb_3p\activemq\lib\optional\serverutil.jar
Deal the file .\server\cbb\nbi\nbicbb_3p\activemq\lib\optional\shiro-core-1.2.4.jar
Deal the file .\server\cbb\nbi\nbicbb_3p\activemq\lib\optional\shiro-spring-1.2.4.jar
Deal the file .\server\cbb\nbi\nbicbb_3p\activemq\lib\optional\slf4j-log4j12-1.7.13.jar
Deal the file .\server\cbb\nbi\nbicbb_3p\activemq\lib\optional\snappy-0.2.jar
Deal the file .\server\cbb\nbi\nbicbb_3p\activemq\lib\optional\snappy-java-1.1.2.jar
Deal the file .\server\cbb\nbi\nbicbb_3p\activemq\lib\optional\spring-aop-4.1.9.RELEASE.jar
Deal the file .\server\cbb\nbi\nbicbb_3p\activemq\lib\optional\spring-beans-4.1.9.RELEASE.jar
Deal the file .\server\cbb\nbi\nbicbb_3p\activemq\lib\optional\spring-context-4.1.9.RELEASE.jar
Deal the file .\server\cbb\nbi\nbicbb_3p\activemq\lib\optional\spring-core-4.1.9.RELEASE.jar
Deal the file .\server\cbb\nbi\nbicbb_3p\activemq\lib\optional\spring-expression-4.1.9.RELEASE.jar
Deal the file .\server\cbb\nbi\nbicbb_3p\activemq\lib\optional\spring-jms-4.1.9.RELEASE.jar
Deal the file .\server\cbb\nbi\nbicbb_3p\activemq\lib\optional\spring-oxm-4.1.9.RELEASE.jar
Deal the file .\server\cbb\nbi\nbicbb_3p\activemq\lib\optional\spring-tx-4.1.9.RELEASE.jar
Deal the file .\server\cbb\nbi\nbicbb_3p\activemq\lib\optional\xbean-spring-3.18.jar
Deal the file .\server\cbb\nbi\nbicbb_3p\activemq\lib\optional\xstream-1.4.8.jar
Deal the file .\server\cbb\nbi\nbicbb_3p\activemq\lib\optional\zookeeper-3.4.6.jar
Deal the file .\server\cbb\nbi\nbicbb_domain\jar\DataBaseUtil.jar
Deal the file .\server\cbb\nbi\nbicbb_domain\jar\EngrTool.jar
Deal the file .\server\cbb\nbi\nbicbb_domain\jar\jdomain_access_bundle_1.0.0.jar
Deal the file .\server\cbb\nbi\nbicbb_domain\jar\jdomain_alarm_bundle_1.0.0.jar
Deal the file .\server\cbb\nbi\nbicbb_domain\jar\jdomain_common_bundle_1.0.0.jar
Deal the file .\server\cbb\nbi\nbicbb_domain\jar\jdomain_communicate_bundle_1.0.0.jar
Deal the file .\server\cbb\nbi\nbicbb_domain\jar\jdomain_conf_bundle_1.0.0.jar
Deal the file .\server\cbb\nbi\nbicbb_domain\jar\jdomain_eth_bundle_1.0.0.jar
Deal the file .\server\cbb\nbi\nbicbb_domain\jar\jdomain_ip_bundle_1.0.0.jar
Deal the file .\server\cbb\nbi\nbicbb_domain\jar\jdomain_log_bundle_1.0.0.jar
Deal the file .\server\cbb\nbi\nbicbb_domain\jar\jdomain_model_bundle_1.0.0.jar
Deal the file .\server\cbb\nbi\nbicbb_domain\jar\jdomain_nameadapterforsnmp_bundle_1.0.0.jar
Deal the file .\server\cbb\nbi\nbicbb_domain\jar\jdomain_nameadapter_bundle_1.0.0.jar
Deal the file .\server\cbb\nbi\nbicbb_domain\jar\jdomain_notifymanager_bundle_1.0.0.jar
Deal the file .\server\cbb\nbi\nbicbb_domain\jar\jdomain_sdh_bundle_1.0.0.jar
Deal the file .\server\cbb\nbi\nbicbb_domain\jar\jdomain_security_bundle_1.0.0.jar
Deal the file .\server\cbb\nbi\nbicbb_domain\jar\jdomain_south_bundle_1.0.0.jar
Deal the file .\server\cbb\nbi\nbicbb_domain\jar\jdomain_sysmonitor_bundle_1.0.0.jar
Deal the file .\server\cbb\nbi\nbicbb_domain\jar\jdomain_wdm_bundle_1.0.0.jar
Deal the file .\server\cbb\nbi\nbicbb_domain\jar\com.huawei.nbi.deploytool.base.cbb_1.0.0\com.huawei.nbi.deploytool.base.cbb_1.0.0.jar
Deal the file .\server\cbb\nbi\nbicbb_domain\jar\com.huawei.nbi.deploytool.base.cbb_1.0.0\lib\com.huawei.uflight.log.jar
Deal the file .\server\cbb\nbi\nbicbb_domain\jar\com.huawei.nbi.deploytool.base.cbb_1.0.0\lib\commextend.jar
Deal the file .\server\cbb\nbi\nbicbb_domain\jar\com.huawei.nbi.deploytool.base.cbb_1.0.0\lib\commonsdk.jar
Deal the file .\server\cbb\nbi\nbicbb_domain\jar\com.huawei.nbi.deploytool.base.cbb_1.0.0\lib\communicate.jar
Deal the file .\server\cbb\nbi\nbicbb_domain\jar\com.huawei.nbi.deploytool.base.cbb_1.0.0\lib\freemarker-2.3.22.jar
Deal the file .\server\cbb\nbi\nbicbb_domain\jar\com.huawei.nbi.deploytool.base.cbb_1.0.0\lib\fstrucomm.jar
Deal the file .\server\cbb\nbi\nbicbb_domain\jar\com.huawei.nbi.deploytool.base.cbb_1.0.0\lib\javassist-3.11.0.GA.jar
Deal the file .\server\cbb\nbi\nbicbb_domain\jar\com.huawei.nbi.deploytool.base.cbb_1.0.0\lib\restcbb.jar
Deal the file .\server\cbb\nbi\nbicbb_domain\jar\jdomain_base_bundle_1.0.0\jdomain_base_bundle_1.0.0.jar
Deal the file .\server\cbb\nbi\nbicbb_domain\jar\jdomain_base_bundle_1.0.0\lib\cxf-2.7.18.jar
Deal the file .\server\cbb\nbi\nbicbb_domain\jar\jdomain_base_bundle_1.0.0\lib\geronimo-j2ee-management_1.1_spec-1.0.1.jar
Deal the file .\server\cbb\nbi\nbicbb_domain\jar\jdomain_base_bundle_1.0.0\lib\imapsslbase.jar
Deal the file .\server\cbb\nbi\nbicbb_domain\jar\jdomain_perform_bundle_1.0.0\jdomain_perform_bundle_1.0.0.jar
Deal the file .\server\cbb\nbi\nbicbb_domain\jar\jdomain_perform_bundle_1.0.0\lib\nbiqinf.jar
Deal the file .\server\cbb\nbi\nbicbb_domain\jar\jdomain_perform_bundle_1.0.0\lib\PMDataAccess.jar
Deal the file .\server\cbb\nbi\tools\nbiSSLConfig\lib\dom4j-1.6.1.jar
Deal the file .\server\cbb\nbi\tools\nbiSSLConfig\lib\jaxen-1.1.6.jar
Deal the file .\server\cbb\nbi\tools\nbiSSLConfig\lib\nbiCert.jar
Deal the file .\server\cbb\nemgr\v8common\plugins\com.huawei.core.alarm.overqx_1.0.0.jar
Deal the file .\server\cbb\nemgr\v8common\plugins\com.huawei.vmf.acproxy_1.0.0.jar
Deal the file .\server\cbb\nemgr\v8common\plugins\com.huawei.vmf.adapter.acl_1.0.0.jar
Deal the file .\server\cbb\nemgr\v8common\plugins\com.huawei.vmf.adapter.alarm_1.0.0.jar
Deal the file .\server\cbb\nemgr\v8common\plugins\com.huawei.vmf.adapter.arp_1.0.0.jar
Deal the file .\server\cbb\nemgr\v8common\plugins\com.huawei.vmf.adapter.bfd_1.0.0.jar
Deal the file .\server\cbb\nemgr\v8common\plugins\com.huawei.vmf.adapter.bras_1.0.0.jar
Deal the file .\server\cbb\nemgr\v8common\plugins\com.huawei.vmf.adapter.channel_1.0.0.jar
Deal the file .\server\cbb\nemgr\v8common\plugins\com.huawei.vmf.adapter.checkpoint_1.0.0.jar
Deal the file .\server\cbb\nemgr\v8common\plugins\com.huawei.vmf.adapter.clock_1.0.0.jar
Deal the file .\server\cbb\nemgr\v8common\plugins\com.huawei.vmf.adapter.common_1.0.0.jar
Deal the file .\server\cbb\nemgr\v8common\plugins\com.huawei.vmf.adapter.dhcp_1.0.0.jar
Deal the file .\server\cbb\nemgr\v8common\plugins\com.huawei.vmf.adapter.diagnose_1.0.0.jar
Deal the file .\server\cbb\nemgr\v8common\plugins\com.huawei.vmf.adapter.eaps_1.0.0.jar
Deal the file .\server\cbb\nemgr\v8common\plugins\com.huawei.vmf.adapter.ethoam_1.0.0.jar
Deal the file .\server\cbb\nemgr\v8common\plugins\com.huawei.vmf.adapter.etrunk_1.0.0.jar
Deal the file .\server\cbb\nemgr\v8common\plugins\com.huawei.vmf.adapter.extendpoint_1.0.0.jar
Deal the file .\server\cbb\nemgr\v8common\plugins\com.huawei.vmf.adapter.framework_1.0.0.jar
Deal the file .\server\cbb\nemgr\v8common\plugins\com.huawei.vmf.adapter.fservice_1.0.0.jar
Deal the file .\server\cbb\nemgr\v8common\plugins\com.huawei.vmf.adapter.hibernate.ptn_1.0.0.jar
Deal the file .\server\cbb\nemgr\v8common\plugins\com.huawei.vmf.adapter.hibernate.router_1.0.0.jar
Deal the file .\server\cbb\nemgr\v8common\plugins\com.huawei.vmf.adapter.ifm.ptn69_1.0.0.jar
Deal the file .\server\cbb\nemgr\v8common\plugins\com.huawei.vmf.adapter.ifm.ptn_1.0.0.jar
Deal the file .\server\cbb\nemgr\v8common\plugins\com.huawei.vmf.adapter.ifm_1.0.0.jar
Deal the file .\server\cbb\nemgr\v8common\plugins\com.huawei.vmf.adapter.integration_1.0.0.jar
Deal the file .\server\cbb\nemgr\v8common\plugins\com.huawei.vmf.adapter.inventory.ptn_1.0.0.jar
Deal the file .\server\cbb\nemgr\v8common\plugins\com.huawei.vmf.adapter.inventory_1.0.0.jar
Deal the file .\server\cbb\nemgr\v8common\plugins\com.huawei.vmf.adapter.ips_alarm_1.0.0.jar
Deal the file .\server\cbb\nemgr\v8common\plugins\com.huawei.vmf.adapter.l3vpn.ptn_1.0.0.jar
Deal the file .\server\cbb\nemgr\v8common\plugins\com.huawei.vmf.adapter.l3vpn_1.0.0.jar
Deal the file .\server\cbb\nemgr\v8common\plugins\com.huawei.vmf.adapter.lldp_1.0.0.jar
Deal the file .\server\cbb\nemgr\v8common\plugins\com.huawei.vmf.adapter.lrvr_1.0.0.jar
Deal the file .\server\cbb\nemgr\v8common\plugins\com.huawei.vmf.adapter.mcast.ptn_1.0.0.jar
Deal the file .\server\cbb\nemgr\v8common\plugins\com.huawei.vmf.adapter.mcast.router_1.0.0.jar
Deal the file .\server\cbb\nemgr\v8common\plugins\com.huawei.vmf.adapter.mcast_1.0.0.jar
Deal the file .\server\cbb\nemgr\v8common\plugins\com.huawei.vmf.adapter.mediation_1.0.0.jar
Deal the file .\server\cbb\nemgr\v8common\plugins\com.huawei.vmf.adapter.mpls.ptn_1.0.0.jar
Deal the file .\server\cbb\nemgr\v8common\plugins\com.huawei.vmf.adapter.mpls.router_1.0.0.jar
Deal the file .\server\cbb\nemgr\v8common\plugins\com.huawei.vmf.adapter.mpls_1.0.0.jar
Deal the file .\server\cbb\nemgr\v8common\plugins\com.huawei.vmf.adapter.nqa_1.0.0.jar
Deal the file .\server\cbb\nemgr\v8common\plugins\com.huawei.vmf.adapter.panel_1.0.0.jar
Deal the file .\server\cbb\nemgr\v8common\plugins\com.huawei.vmf.adapter.pathviewer_1.0.0.jar
Deal the file .\server\cbb\nemgr\v8common\plugins\com.huawei.vmf.adapter.profile_1.0.0.jar
Deal the file .\server\cbb\nemgr\v8common\plugins\com.huawei.vmf.adapter.pwe3.ptn_1.0.0.jar
Deal the file .\server\cbb\nemgr\v8common\plugins\com.huawei.vmf.adapter.pwe3.router_1.0.0.jar
Deal the file .\server\cbb\nemgr\v8common\plugins\com.huawei.vmf.adapter.pwe3_1.0.0.jar
Deal the file .\server\cbb\nemgr\v8common\plugins\com.huawei.vmf.adapter.route_1.0.0.jar
Deal the file .\server\cbb\nemgr\v8common\plugins\com.huawei.vmf.adapter.security_1.0.0.jar
Deal the file .\server\cbb\nemgr\v8common\plugins\com.huawei.vmf.adapter.tpoam.ptn_1.0.0.jar
Deal the file .\server\cbb\nemgr\v8common\plugins\com.huawei.vmf.adapter.tpoam_1.0.0.jar
Deal the file .\server\cbb\nemgr\v8common\plugins\com.huawei.vmf.adapter.vaccess_1.0.0.jar
Deal the file .\server\cbb\nemgr\v8common\plugins\com.huawei.vmf.adapter.vcluster_1.0.0.jar
Deal the file .\server\cbb\nemgr\v8common\plugins\com.huawei.vmf.adapter.vlan_1.0.0.jar
Deal the file .\server\cbb\nemgr\v8common\plugins\com.huawei.vmf.adapter.vpls.ptn_1.0.0.jar
Deal the file .\server\cbb\nemgr\v8common\plugins\com.huawei.vmf.adapter.vpls.router_1.0.0.jar
Deal the file .\server\cbb\nemgr\v8common\plugins\com.huawei.vmf.adapter.vpls_1.0.0.jar
Deal the file .\server\cbb\nemgr\v8common\plugins\com.huawei.vmf.adapter.vrrp_1.0.0.jar
Deal the file .\server\cbb\nemgr\v8common\plugins\com.huawei.vmf.adatper.tm_1.0.0.jar
Deal the file .\server\cbb\nemgr\v8common\plugins\com.huawei.vmf.asn_1.0.0.jar
Deal the file .\server\cbb\nemgr\v8common\plugins\com.huawei.vmf.autoadapter_1.0.0.jar
Deal the file .\server\cbb\nemgr\v8common\plugins\com.huawei.vmf.common_1.0.0.jar
Deal the file .\server\cbb\nemgr\v8common\plugins\com.huawei.vmf.extendpoint_1.0.0.jar
Deal the file .\server\cbb\nemgr\v8common\plugins\com.huawei.vmf.netconf.para_1.0.0.jar
Deal the file .\server\cbb\nemgr\v8common\plugins\com.huawei.vmf.netconf_1.0.0.jar
Deal the file .\server\cbb\nemgr\v8common\plugins\com.huawei.vmf.qat.alarmsuppress_1.0.0.jar
Deal the file .\server\cbb\nemgr\v8common\plugins\com.huawei.vmf.qat.capabilitymgr_1.0.0.jar
Deal the file .\server\cbb\nemgr\v8common\plugins\com.huawei.vmf.qat.common_1.0.0.jar
Deal the file .\server\cbb\nemgr\v8common\plugins\com.huawei.vmf.qat.configframe_1.0.0.jar
Deal the file .\server\cbb\nemgr\v8common\plugins\com.huawei.vmf.qat.devicemgr_1.0.0.jar
Deal the file .\server\cbb\nemgr\v8common\plugins\com.huawei.vmf.qat.extendpoint_1.0.0.jar
Deal the file .\server\cbb\nemgr\v8common\plugins\com.huawei.vmf.qat.nms_1.0.0.jar
Deal the file .\server\cbb\nemgr\v8common\plugins\com.huawei.vmf.qat.onlinemgr_1.0.0.jar
Deal the file .\server\cbb\nemgr\v8common\plugins\com.huawei.vmf.qat.persistence_1.0.0.jar
Deal the file .\server\cbb\nemgr\v8common\plugins\com.huawei.vmf.qat.systemmgr_1.0.0.jar
Deal the file .\server\cbb\nemgr\v8common\plugins\com.huawei.vmf.qat.windowmgr_1.0.0.jar
Deal the file .\server\common\ip\ip_isstar\plugins\ip_isstar.jar
Deal the file .\server\common\ip\ip_pubsvr\lib\inv_ipcollector_1.0.0.jar
Deal the file .\server\common\ip\u2vcmm\plugins\u2vcmm_adapter_alarm.jar
Deal the file .\server\common\ip\u2vcmm\plugins\u2vcmm_adapter_framework.jar
Deal the file .\server\common\ip\u2vcmm\plugins\u2vcmm_adapter_start.jar
Deal the file .\server\common\pms\pmsweb\plugins\com.huawei.pmsweb.framework_1.0.0\com.huawei.pmsweb.framework_1.0.0.jar
Deal the file .\server\common\pms\pmsweb\plugins\com.huawei.pmsweb.framework_1.0.0\lib\generalsdk.jar
Deal the file .\server\common\pms\pmsweb\plugins\com.huawei.pmsweb.framework_1.0.0\lib\PMSFAsn.jar
Deal the file .\server\common\pms\pmsweb\plugins\com.huawei.pmsweb.framework_1.0.0\lib\startup.jar
Deal the file .\server\common\pmscollector\pmsproxy\pms_proxy_start.jar
Deal the file .\server\common\pmscollector\pmsproxy\libs\pms_proxy_framework.jar
Deal the file .\server\common\pmscollector\pmsproxy\plugins\pms_proxy_ptnv8.jar
Deal the file .\server\common\sbi\netconfproxy\nefconf.jar
Deal the file .\server\nbi\cbb\lib\com.huawei.imanager.nbi.framework.asn.jar
Deal the file .\server\nbi\cbb\lib\com.huawei.imanager.nbi.framework.communication.jar
Deal the file .\server\nbi\cbb\lib\com.huawei.imanager.nbi.framework.configuration.jar
Deal the file .\server\nbi\cbb\lib\com.huawei.imanager.nbi.framework.db.jar
Deal the file .\server\nbi\cbb\lib\com.huawei.imanager.nbi.framework.idl.jar
Deal the file .\server\nbi\cbb\lib\com.huawei.imanager.nbi.framework.log.jar
Deal the file .\server\nbi\cbb\lib\com.huawei.imanager.nbi.framework.security.jar
Deal the file .\server\nbi\cbb\lib\com.huawei.imanager.nbi.framework.util.jar
Deal the file .\server\nbi\cbb\lib\com.huawei.imanager.nbi.soap.framework.jar
Deal the file .\server\nbi\cbb\lib\com.huawei.imanager.nbi.soap.notify.jar
Deal the file .\server\nbi\cbb\lib\com.huawei.imanager.nbi.soap.notifycache.jar
Deal the file .\server\nbi\omc\bin\com.cmcc.omc_1.0.0.jar
Deal the file .\server\nbi\omc\bin\com.cmcc.omc_alarm_1.0.0.jar
Deal the file .\server\nbi\omc\bin\com.cmcc.omc_performance_1.0.0.jar
Deal the file .\server\nbi\omc\bin\com.huawei.ibridge.framework.communicate_1.0.0.jar
Deal the file .\server\nbi\omc\bin\com.huawei.ibridge.framework.services.base_1.0.0.jar
Deal the file .\server\nbi\omc\bin\com.huawei.ibridge.framework.base\com.huawei.ibridge.framework.base_1.0.0.jar
Deal the file .\server\nbi\omc\bin\com.huawei.ibridge.framework.base\lib\ant.jar
Deal the file .\server\nbi\omc\bin\com.huawei.ibridge.framework.base\lib\baseutil.jar
Deal the file .\server\nbi\omc\bin\com.huawei.ibridge.framework.base\lib\com.huawei.imanager.nbi.framework.security.jar
Deal the file .\server\nbi\omc\bin\com.huawei.ibridge.framework.base\lib\com.huawei.imanager.nbi.soap.framework.jar
Deal the file .\server\nbi\omc\bin\com.huawei.ibridge.framework.base\lib\commextend.jar
Deal the file .\server\nbi\omc\bin\com.huawei.ibridge.framework.base\lib\commons-beanutils-1.9.2.jar
Deal the file .\server\nbi\omc\bin\com.huawei.ibridge.framework.base\lib\commons-codec-1.10.jar
Deal the file .\server\nbi\omc\bin\com.huawei.ibridge.framework.base\lib\commons-collections-3.2.2.jar
Deal the file .\server\nbi\omc\bin\com.huawei.ibridge.framework.base\lib\commons-digester3-3.2.jar
Deal the file .\server\nbi\omc\bin\com.huawei.ibridge.framework.base\lib\commons-io-2.5.jar
Deal the file .\server\nbi\omc\bin\com.huawei.ibridge.framework.base\lib\commons-lang3-3.3.2.jar
Deal the file .\server\nbi\omc\bin\com.huawei.ibridge.framework.base\lib\commons-logging-1.2.jar
Deal the file .\server\nbi\omc\bin\com.huawei.ibridge.framework.base\lib\communicate.jar
Deal the file .\server\nbi\omc\bin\com.huawei.ibridge.framework.base\lib\dom4j-1.6.1.jar
Deal the file .\server\nbi\omc\bin\com.huawei.ibridge.framework.base\lib\ehcache-2.8.3.jar
Deal the file .\server\nbi\omc\bin\com.huawei.ibridge.framework.base\lib\imapsslbase.jar
Deal the file .\server\nbi\omc\bin\com.huawei.ibridge.framework.base\lib\jackson-annotations-2.9.0.pr2.jar
Deal the file .\server\nbi\omc\bin\com.huawei.ibridge.framework.base\lib\jackson-core-2.9.0.pr2.jar
Deal the file .\server\nbi\omc\bin\com.huawei.ibridge.framework.base\lib\jackson-databind-2.9.0.pr2.jar
Deal the file .\server\nbi\omc\bin\com.huawei.ibridge.framework.base\lib\jaxen-1.1.6.jar
Deal the file .\server\nbi\omc\bin\com.huawei.ibridge.framework.base\lib\jetty-client-8.1.14.v20131031.jar
Deal the file .\server\nbi\omc\bin\com.huawei.ibridge.framework.base\lib\jetty-http-8.1.14.v20131031.jar
Deal the file .\server\nbi\omc\bin\com.huawei.ibridge.framework.base\lib\jetty-io-8.1.14.v20131031.jar
Deal the file .\server\nbi\omc\bin\com.huawei.ibridge.framework.base\lib\jetty-util-8.1.14.v20131031.jar
Deal the file .\server\nbi\omc\bin\com.huawei.ibridge.framework.base\lib\jsch-0.1.54.jar
Deal the file .\server\nbi\omc\bin\com.huawei.ibridge.framework.base\lib\log4j-1.2.17.jar
Deal the file .\server\nbi\omc\bin\com.huawei.ibridge.framework.base\lib\serverutil.jar
Deal the file .\server\nbi\omc\bin\com.huawei.ibridge.framework.base\lib\slf4j-api-1.7.22.jar
Deal the file .\server\nbi\omc\bin\com.huawei.ibridge.framework.base\lib\slf4j-log4j12-1.7.22.jar
Deal the file .\server\nbi\pm_data_receiver\PMDataReceiver_start.jar
Deal the file .\server\nbi\pm_data_receiver\libs\framework\PMDataReceiver.jar
Deal the file .\server\nbi\snmp\lib\com.huawei.imanager.nbi.cmcnorthbound.jar
Deal the file .\server\nbi\snmp\lib\com.huawei.imanager.nbi.fault.impl.jar
Deal the file .\server\nbi\snmp\lib\com.huawei.imanager.nbi.fault.jar
Deal the file .\server\nbi\snmp\lib\com.huawei.imanager.nbi.framework.communication.corba.jar
Deal the file .\server\nbi\snmp\lib\com.huawei.imanager.nbi.snmp.adapter.jar
Deal the file .\server\nbi\snmp\lib\com.huawei.imanager.nbi.snmp.agent.jar
Deal the file .\server\nbi\text\lib\com.huawei.imanager.nbi.text.jar
Deal the file .\server\nbi\tmf615\lib\com.huawei.imanager.nbi.tmf615.jar
Deal the file .\server\nbi\tools\encrypt\base-framework.jar
Deal the file .\server\nbi\tools\encrypt\baseutil.jar
Deal the file .\server\nbi\tools\encrypt\com.huawei.imanager.nbi.framework.log.appender.jar
Deal the file .\server\nbi\tools\encrypt\commons-dbcp-1.4.jar
Deal the file .\server\nbi\tools\encrypt\commons-pool-1.6.jar
Deal the file .\server\nbi\tools\encrypt\imapsslbase.jar
Deal the file .\server\nbi\tools\encrypt\jcl-over-slf4j-1.7.22.jar
Deal the file .\server\nbi\tools\encrypt\ojdbc5.jar
Deal the file .\server\nbi\tools\encrypt\securityUtil.jar
Deal the file .\server\nbi\tools\encrypt\serverutil.jar
Deal the file .\server\nbi\tools\encrypt\slf4j-api-1.7.22.jar
Deal the file .\server\nbi\tools\encrypt\slf4j-log4j12-1.7.22.jar
Deal the file .\server\nbi\tools\encrypt\Tmf615Upgrade.jar
Deal the file .\server\nbi\xml\lib\com.huawei.imanager.nbi.soap.activemq.jar
Deal the file .\server\nbi\xml\lib\com.huawei.imanager.nbi.soap.jms_config.jar
Deal the file .\server\nbi\xml\lib\xml_alarm_bundle_1.0.0.jar
Deal the file .\server\nbi\xml\lib\xml_cli_bundle_1.0.0.jar
Deal the file .\server\nbi\xml\lib\xml_common_bundle_1.0.0.jar
Deal the file .\server\nbi\xml\lib\xml_dutcp_bundle_1.0.0.jar
Deal the file .\server\nbi\xml\lib\xml_eqt_bundle_1.0.0.jar
Deal the file .\server\nbi\xml\lib\xml_fdfr_bundle_1.0.0.jar
Deal the file .\server\nbi\xml\lib\xml_gw_agent_bundle_1.0.0.jar
Deal the file .\server\nbi\xml\lib\xml_heartbeat_bundle_1.0.0.jar
Deal the file .\server\nbi\xml\lib\xml_invexport_bundle_1.0.0.jar
Deal the file .\server\nbi\xml\lib\xml_inv_bundle_1.0.0.jar
Deal the file .\server\nbi\xml\lib\xml_jms_bundle_1.0.0.jar
Deal the file .\server\nbi\xml\lib\xml_mart_bundle_1.0.0.jar
Deal the file .\server\nbi\xml\lib\xml_md_bundle_1.0.0.jar
Deal the file .\server\nbi\xml\lib\xml_me_bundle_1.0.0.jar
Deal the file .\server\nbi\xml\lib\xml_one_bundle_1.0.0.jar
Deal the file .\server\nbi\xml\lib\xml_os_bundle_1.0.0.jar
Deal the file .\server\nbi\xml\lib\xml_pfm_bundle_1.0.0.jar
Deal the file .\server\nbi\xml\lib\xml_protocol_bundle_1.0.0.jar
Deal the file .\server\nbi\xml\lib\xml_pro_bundle_1.0.0.jar
Deal the file .\server\nbi\xml\lib\xml_prp_bundle_1.0.0.jar
Deal the file .\server\nbi\xml\lib\xml_pub_bundle_1.0.0.jar
Deal the file .\server\nbi\xml\lib\xml_rt_bundle_1.0.0.jar
Deal the file .\server\nbi\xml\lib\xml_ru_bundle_1.0.0.jar
Deal the file .\server\nbi\xml\lib\xml_security_bundle_1.0.0.jar
Deal the file .\server\nbi\xml\lib\xml_service_interface_bundle_1.0.0.jar
Deal the file .\server\nbi\xml\lib\xml_sl_bundle_1.0.0.jar
Deal the file .\server\nbi\xml\lib\xml_snc_bundle_1.0.0.jar
Deal the file .\server\nbi\xml\lib\xml_tcp_bundle_1.0.0.jar
Deal the file .\server\nbi\xml\lib\xml_tl_bundle_1.0.0.jar
Deal the file .\server\nbi\xml\lib\xml_tmd_bundle_1.0.0.jar
Deal the file .\server\nbi\xml\lib\xml_topo_bundle_1.0.0.jar
Deal the file .\server\nbi\xml\lib\xml_tp_bundle_1.0.0.jar
Deal the file .\server\nbi\xml\lib\xml_vrrp_bundle_1.0.0.jar
Deal the file .\server\nbi\xml\lib\xml_ws_stub_bundle_1.0.0.jar
Deal the file .\server\tools\UEasy\DbUtils\lib\cleandb.jar
Deal the file .\server\tools\UEasy\UEasy_HealthCheck\lib\ant.jar
Deal the file .\server\tools\UEasy\UEasy_HealthCheck\lib\baseutil.jar
Deal the file .\server\tools\UEasy\UEasy_HealthCheck\lib\commons-io-2.5.jar
Deal the file .\server\tools\UEasy\UEasy_HealthCheck\lib\commons-logging-1.2.jar
Deal the file .\server\tools\UEasy\UEasy_HealthCheck\lib\commons-net-3.3.jar
Deal the file .\server\tools\UEasy\UEasy_HealthCheck\lib\dom4j-1.6.1.jar
Deal the file .\server\tools\UEasy\UEasy_HealthCheck\lib\h2-1.4.192.jar
Deal the file .\server\tools\UEasy\UEasy_HealthCheck\lib\ibatis-2.3.4.726.jar
Deal the file .\server\tools\UEasy\UEasy_HealthCheck\lib\jconn3.jar
Deal the file .\server\tools\UEasy\UEasy_HealthCheck\lib\jdom-1.1.3.jar
Deal the file .\server\tools\UEasy\UEasy_HealthCheck\lib\jsch-0.1.54.jar
Deal the file .\server\tools\UEasy\UEasy_HealthCheck\lib\jtds-1.2.5.jar
Deal the file .\server\tools\UEasy\UEasy_HealthCheck\lib\poi-3.15.jar
Deal the file .\server\tools\UEasy\UEasy_HealthCheck\lib\poi-ooxml-3.15.jar
Deal the file .\server\tools\UEasy\UEasy_HealthCheck\lib\poi-ooxml-schemas-3.15.jar
Deal the file .\server\tools\UEasy\UEasy_HealthCheck\lib\serverutil.jar
Deal the file .\server\tools\UEasy\UEasy_HealthCheck\lib\tool.jar
Deal the file .\server\tools\UEasy\UEasy_HealthCheck\lib\xbean.jar
Deal the file .\server\tools\UEasy\UEasy_SMP\lib\base\ant.jar
Deal the file .\server\tools\UEasy\UEasy_SMP\lib\base\collectAnalysis.jar
Deal the file .\server\tools\UEasy\UEasy_SMP\lib\base\commons-beanutils-1.9.3.jar
Deal the file .\server\tools\UEasy\UEasy_SMP\lib\base\commons-fileupload-1.3.3.jar
Deal the file .\server\tools\UEasy\UEasy_SMP\lib\base\commons-io-2.5.jar
Deal the file .\server\tools\UEasy\UEasy_SMP\lib\base\commons-net-3.3.jar
Deal the file .\server\tools\UEasy\UEasy_SMP\lib\base\DecryptTool.jar
Deal the file .\server\tools\UEasy\UEasy_SMP\lib\base\dom4j-1.6.1.jar
Deal the file .\server\tools\UEasy\UEasy_SMP\lib\base\h2-1.4.182.jar
Deal the file .\server\tools\UEasy\UEasy_SMP\lib\base\hsqldb.jar
Deal the file .\server\tools\UEasy\UEasy_SMP\lib\base\jsch-0.1.54.jar
Deal the file .\server\tools\UEasy\UEasy_SMP\lib\base\jtds-1.2.5.jar
Deal the file .\server\tools\UEasy\UEasy_SMP\lib\base\NBI.jar
Deal the file .\server\tools\UEasy\UEasy_SMP\lib\base\poi-3.15.jar
Deal the file .\server\tools\UEasy\UEasy_SMP\lib\base\poi-ooxml-3.15.jar
Deal the file .\server\tools\UEasy\UEasy_SMP\lib\base\poi-ooxml-schemas-3.15.jar
Deal the file .\server\tools\UEasy\UEasy_SMP\lib\base\sqlite-jdbc-3.7.2.jar
Deal the file .\server\tools\UEasy\UEasy_SMP\lib\base\U2000.jar
Deal the file .\server\tools\UEasy\UEasy_SMP\lib\base\xmlbeans-2.6.0.jar
Deal the file .\server\tools\UEasy\UEasy_SMP\lib\high\jetty-all-8.1.9.v20130131.jar
Deal the file .\server\tools\UEasy\UEasy_SMP\lib\low\jetty-ajp-7.6.9.v20130131.jar
Deal the file .\server\tools\UEasy\UEasy_SMP\lib\low\jetty-annotations-7.6.9.v20130131.jar
Deal the file .\server\tools\UEasy\UEasy_SMP\lib\low\jetty-client-7.6.9.v20130131.jar
Deal the file .\server\tools\UEasy\UEasy_SMP\lib\low\jetty-continuation-7.6.9.v20130131.jar
Deal the file .\server\tools\UEasy\UEasy_SMP\lib\low\jetty-deploy-7.6.9.v20130131.jar
Deal the file .\server\tools\UEasy\UEasy_SMP\lib\low\jetty-http-7.6.9.v20130131.jar
Deal the file .\server\tools\UEasy\UEasy_SMP\lib\low\jetty-io-7.6.9.v20130131.jar
Deal the file .\server\tools\UEasy\UEasy_SMP\lib\low\jetty-jmx-7.6.9.v20130131.jar
Deal the file .\server\tools\UEasy\UEasy_SMP\lib\low\jetty-jndi-7.6.9.v20130131.jar
Deal the file .\server\tools\UEasy\UEasy_SMP\lib\low\jetty-overlay-deployer-7.6.9.v20130131.jar
Deal the file .\server\tools\UEasy\UEasy_SMP\lib\low\jetty-plus-7.6.9.v20130131.jar
Deal the file .\server\tools\UEasy\UEasy_SMP\lib\low\jetty-policy-7.6.9.v20130131.jar
Deal the file .\server\tools\UEasy\UEasy_SMP\lib\low\jetty-rewrite-7.6.9.v20130131.jar
Deal the file .\server\tools\UEasy\UEasy_SMP\lib\low\jetty-security-7.6.9.v20130131.jar
Deal the file .\server\tools\UEasy\UEasy_SMP\lib\low\jetty-server-7.6.9.v20130131.jar
Deal the file .\server\tools\UEasy\UEasy_SMP\lib\low\jetty-servlet-7.6.9.v20130131.jar
Deal the file .\server\tools\UEasy\UEasy_SMP\lib\low\jetty-servlets-7.6.9.v20130131.jar
Deal the file .\server\tools\UEasy\UEasy_SMP\lib\low\jetty-util-7.6.9.v20130131.jar
Deal the file .\server\tools\UEasy\UEasy_SMP\lib\low\jetty-webapp-7.6.9.v20130131.jar
Deal the file .\server\tools\UEasy\UEasy_SMP\lib\low\jetty-websocket-7.6.9.v20130131.jar
Deal the file .\server\tools\UEasy\UEasy_SMP\lib\low\jetty-xml-7.6.9.v20130131.jar
Deal the file .\server\tools\UEasy\UEasy_SMP\lib\web\jackson-core-asl-1.9.12.jar
Deal the file .\server\tools\UEasy\UEasy_SMP\lib\web\jackson-jaxrs-1.9.12.jar
Deal the file .\server\tools\UEasy\UEasy_SMP\lib\web\jackson-mapper-asl-1.9.12.jar
Deal the file .\server\tools\UEasy\UEasy_SMP\lib\web\jackson-xc-1.9.12.jar
Deal the file .\server\tools\UEasy\UEasy_SMP\lib\web\jaxrs-api-3.0.9.Final.jar
Deal the file .\server\tools\UEasy\UEasy_SMP\lib\web\resteasy-atom-provider-3.0.9.Final.jar
Deal the file .\server\tools\UEasy\UEasy_SMP\lib\web\resteasy-cache-core-3.0.9.Final.jar
Deal the file .\server\tools\UEasy\UEasy_SMP\lib\web\resteasy-cdi-3.0.9.Final.jar
Deal the file .\server\tools\UEasy\UEasy_SMP\lib\web\resteasy-client-3.0.9.Final.jar
Deal the file .\server\tools\UEasy\UEasy_SMP\lib\web\resteasy-crypto-3.0.9.Final.jar
Deal the file .\server\tools\UEasy\UEasy_SMP\lib\web\resteasy-guice-3.0.9.Final.jar
Deal the file .\server\tools\UEasy\UEasy_SMP\lib\web\resteasy-jackson-provider-3.0.9.Final.jar
Deal the file .\server\tools\UEasy\UEasy_SMP\lib\web\resteasy-jackson2-provider-3.0.9.Final.jar
Deal the file .\server\tools\UEasy\UEasy_SMP\lib\web\resteasy-jaxb-provider-3.0.9.Final.jar
Deal the file .\server\tools\UEasy\UEasy_SMP\lib\web\resteasy-jaxrs-3.0.9.Final.jar
Deal the file .\server\tools\UEasy\UEasy_SMP\lib\web\resteasy-jettison-provider-3.0.9.Final.jar
Deal the file .\server\tools\UEasy\UEasy_SMP\lib\web\resteasy-jsapi-3.0.9.Final.jar
Deal the file .\server\tools\UEasy\UEasy_SMP\lib\web\resteasy-links-3.0.9.Final.jar
Deal the file .\server\tools\UEasy\UEasy_SMP\lib\web\resteasy-multipart-provider-3.0.9.Final.jar
Deal the file .\server\tools\UEasy\UEasy_SMP\lib\web\resteasy-oauth-3.0.9.Final.jar
Deal the file .\server\tools\UEasy\UEasy_SMP\lib\web\resteasy-servlet-initializer-3.0.9.Final.jar
Deal the file .\server\tools\UEasy\UEasy_SMP\lib\web\resteasy-spring-3.0.9.Final.jar
Deal the file .\server\tools\UEasy\UEasy_SMP\lib\web\resteasy-validator-provider-11-3.0.9.Final.jar
Deal the file .\server\tools\UEasy\UEasy_SMP\UEasy_Distributed\lib\checkIPE2EData.jar
Deal the file .\server\tools\UEasy\UEasy_SMP\UEasy_Distributed\lib\cross_phyid.jar
Deal the file .\server\tools\UEasy\UEasy_SMP\UEasy_Distributed\lib\frame_checkdata.jar
Deal the file .\server\tools\UEasy\UEasy_SMP\UEasy_Distributed\lib\pms_checktool.jar
Deal the file .\server\tools\UEasy\UEasy_SMP\UEasy_Distributed\lib\trans_migrationTool.jar
Deal the file .\server\tools\UEasy\UEasy_Win2Linux\lib\ant.jar
Deal the file .\server\tools\UEasy\UEasy_Win2Linux\lib\commons-io-2.5.jar
Deal the file .\server\tools\UEasy\UEasy_Win2Linux\lib\datatransform.jar
Deal the file .\server\tools\UEasy\UEasy_Win2Linux\lib\jconn3.jar
Deal the file .\server\tools\UEasy\UEasy_Win2Linux\lib\jtds-1.2.5.jar
"Successed to unpack all the packages in server_nmsbase.pack200lst"
