"uninstall\data\pack200\server_nmsip.pack200lst"
"===========Start to deal the file server_nmsip.pack200lst,============"
Deal the file .\client\client\productlib\ip_aemgr\aemgr.jar
Deal the file .\client\client\productlib\ip_gcli\gcli.jar
Deal the file .\client\client\productlib\nemgr_router\bras.jar
Deal the file .\client\client\productlib\nemgr_router\dmsdevicepanel.jar
Deal the file .\client\client\productlib\nemgr_router\mirror.jar
Deal the file .\client\client\productlib\nemgr_router\neinterface.jar
Deal the file .\client\client\productlib\nemgr_router\nemgr_router.jar
Deal the file .\client\client\productlib\nemgr_router\qos.jar
Deal the file .\client\client\productlib\nemgr_switch\nemgr_switch.jar
Deal the file .\client\client\productlib\nemgr_vmf\vmf.jar
Deal the file .\client\client\productlib\seccomm\security_seccomm.jar
Deal the file .\client\client\productlib\secnemgr\ipsecmgr.jar
Deal the file .\client\client\productlib\secpolicymgr\security_policymgr.jar
Deal the file .\client\client\productlib\secpolicymgr\security_utm.jar
Deal the file .\client\client\productlib\secvpnmgr\security_vpnmgr.jar
Deal the file .\server\3rdlib\classmate-1.3.3.jar
Deal the file .\server\3rdlib\hibernate-validator-5.3.2.Final.jar
Deal the file .\server\3rdlib\jboss-logging-3.3.0.Final.jar
Deal the file .\server\3rdlib\validation-api-1.1.0.Final.jar
Deal the file .\server\3rdlib\velocity-1.7-dep.jar
Deal the file .\server\3rdlib\velocity-1.7.jar
Deal the file .\server\common\ip\aemgr\plugins\atomMeter.jar
Deal the file .\server\common\ip\aemgr\plugins\RestorePointTask_1.0.0.jar
Deal the file .\server\common\ip\gcli\plugins\DHCPServer.jar
Deal the file .\server\common\ip\gcli\plugins\ExportDataDevMgr.jar
Deal the file .\server\common\ip\gcli\plugins\ExportDataFaultMgr.jar
Deal the file .\server\common\ip\gcli\plugins\ExportDataRouterSrvMgr.jar
Deal the file .\server\common\ip\gcli\plugins\gcli.jar
Deal the file .\server\common\ip\gcli\plugins\maccollection.jar
Deal the file .\server\common\ip\gcli\plugins\routepnp.jar
Deal the file .\server\common\ip\gcli\plugins\rtnpnp.jar
Deal the file .\server\common\ip\ip_vnf\lib\cloudvnf_adapter_brascu.jar
Deal the file .\server\common\ip\ip_vnf\lib\cloudvnf_adapter_model.jar
Deal the file .\server\common\ip\path\quickdisplay\plugins\com.huawei.quickdisplay.adapter.u2000_1.0.0.jar
Deal the file .\server\common\ip\path\quickdisplay\plugins\com.huawei.quickdisplay.framework.adapter_1.0.0.jar
Deal the file .\server\common\ip\path\quickdisplay\plugins\com.huawei.quickdisplay.framework.core_1.0.0.jar
Deal the file .\server\common\ip\path\quickdisplay\plugins\com.huawei.quickdisplay.framework.resource_1.0.0.jar
Deal the file .\server\common\ip\path\quickdisplay\plugins\com.huawei.quickdisplay.framework.web_1.0.0.jar
Deal the file .\server\common\ip\path\quickdisplay\plugins\com.huawei.quickdisplay.resource.basic_1.0.0.jar
Deal the file .\server\common\ip\path\quickdisplay\plugins\com.huawei.quickdisplay.resource.ether_1.0.0.jar
Deal the file .\server\common\ip\path\quickdisplay\plugins\com.huawei.quickdisplay.resource.hardware_1.0.0.jar
Deal the file .\server\common\ip\path\quickdisplay\plugins\com.huawei.quickdisplay.resource.multicast_1.0.0.jar
Deal the file .\server\common\ip\path\quickdisplay\plugins\com.huawei.quickdisplay.resource.other_1.0.0.jar
Deal the file .\server\common\ip\path\quickdisplay\plugins\com.huawei.quickdisplay.resource.port_1.0.0.jar
Deal the file .\server\common\ip\path\quickdisplay\plugins\com.huawei.quickdisplay.resource.router_1.0.0.jar
Deal the file .\server\common\ip\path\quickdisplay\plugins\com.huawei.quickdisplay.resource.stat_1.0.0.jar
Deal the file .\server\common\ip\path\quickdisplay\plugins\com.huawei.quickdisplay.resource.tunnel_1.0.0.jar
Deal the file .\server\common\ip\path\quickdisplay\plugins\com.huawei.quickdisplay.resource.vpn_1.0.0.jar
Deal the file .\server\nemgr\nemgr_vmf\plugins\com.huawei.adapter.v5tov8upgrade_1.0.0.jar
Deal the file .\server\nemgr\nemgr_vmf\plugins\com.huawei.v8router.common_1.0.0.jar
Deal the file .\server\nemgr\nemgr_vmf\plugins\com.huawei.v8router.devicemgr_1.0.0.jar
"Successed to unpack all the packages in server_nmsip.pack200lst"
