"uninstall\data\pack200\server_nmsaccess.pack200lst"
"===========Start to deal the file server_nmsaccess.pack200lst,============"
Deal the file .\client\client\productlib\access\domainIndependent\access_broadband.jar
Deal the file .\client\client\productlib\access\domainIndependent\access_common.jar
Deal the file .\client\client\productlib\access\domainIndependent\access_copper.jar
Deal the file .\client\client\productlib\access\domainIndependent\access_device.jar
Deal the file .\client\client\productlib\access\domainIndependent\access_frame.jar
Deal the file .\client\client\productlib\access\domainIndependent\access_layer2.jar
Deal the file .\client\client\productlib\access\domainIndependent\access_optical.jar
Deal the file .\client\client\productlib\access\domainIndependent\access_voice.jar
Deal the file .\client\client\productlib\access\domainIndependent\eos_bms.jar
Deal the file .\client\client\productlib\access\domainIndependent\nemgr_frame.jar
Deal the file .\client\client\productlib\access\domainIndependent\rps.jar
Deal the file .\client\client\productlib\access\multiDomain\topoadapter.jar
Deal the file .\client\client\productlib\access\singleDomain\miniclient.jar
Deal the file .\client\client\productlib\nbi_translator\nbi_translator.jar
Deal the file .\client\client\productlib\nemgr_bits\nemgr_bits.jar
Deal the file .\client\client\productlib\nemgr_dtu\nemgr_dtu.jar
Deal the file .\client\client\productlib\nemgr_isite\nemgr_isite.jar
Deal the file .\client\engineering\product_msuiteclient\com.oss.engineering.msuite.access.client_1.0.0.jar
Deal the file .\client\lib\3rd_tools\httpmime-4.5.3.jar
Deal the file .\engr\install\modules\product_server\com.oss.engineering.msuite.access.server_1.0.0.jar
Deal the file .\server\3rdlib\guava-12.0.jar
Deal the file .\server\combine_service\bmswebservice\apploader.jar
Deal the file .\server\combine_service\bmswebservice\bmsxmlagent.jar
Deal the file .\server\combine_service\bmswebservice\bmsxmlparser.jar
Deal the file .\server\combine_service\bmswebservice\commonasn.jar
Deal the file .\server\combine_service\bmswebservice\configitem.jar
Deal the file .\server\combine_service\bmswebservice\filecollector.jar
Deal the file .\server\combine_service\bmswebservice\framework.jar
Deal the file .\server\combine_service\bmswebservice\helper.jar
Deal the file .\server\combine_service\bmswebservice\inv_collector.jar
Deal the file .\server\combine_service\bmswebservice\msgforward.jar
Deal the file .\server\combine_service\bmswebservice\resquery.jar
Deal the file .\server\combine_service\bmswebservice\routeinfo.jar
Deal the file .\server\combine_service\bmswebservice\security.jar
Deal the file .\server\combine_service\bmswebservice\seda_api.jar
Deal the file .\server\combine_service\bmswebservice\seda_core.jar
Deal the file .\server\combine_service\bmswebservice\tl1parser.jar
Deal the file .\server\common\nbi_translator\tl1_translator\ssp_server.jar
Deal the file .\server\common\tomcat\webapps\fileupload\WEB-INF\lib\baseutil.jar
Deal the file .\server\common\tomcat\webapps\fileupload\WEB-INF\lib\com.huawei.uflight.platformadapter.jar
Deal the file .\server\common\tomcat\webapps\fileupload\WEB-INF\lib\commextend.jar
Deal the file .\server\common\tomcat\webapps\fileupload\WEB-INF\lib\commons-fileupload-1.3.3.jar
Deal the file .\server\common\tomcat\webapps\fileupload\WEB-INF\lib\commons-io-2.5.jar
Deal the file .\server\common\tomcat\webapps\fileupload\WEB-INF\lib\commons-logging-1.2.jar
Deal the file .\server\common\tomcat\webapps\fileupload\WEB-INF\lib\communicate.jar
Deal the file .\server\common\tomcat\webapps\fileupload\WEB-INF\lib\fileupload.jar
Deal the file .\server\common\tomcat\webapps\fileupload\WEB-INF\lib\fstrucomm.jar
Deal the file .\server\common\tomcat\webapps\fileupload\WEB-INF\lib\log4j-1.2.17.jar
Deal the file .\server\common\tomcat\webapps\fileupload\WEB-INF\lib\slf4j-api-1.7.22.jar
Deal the file .\server\common\tomcat\webapps\fileupload\WEB-INF\lib\slf4j-log4j12-1.7.22.jar
Deal the file .\server\nemgr\nemgr_access\tool\bmsisstar\iSStarAgent.jar
Deal the file .\server\nemgr\nemgr_access\tool\xml2tl1\xml2tl1.jar
Deal the file .\server\nemgr\nemgr_isite\plugins\com.huawei.isite.adapter.devicemgr.jar
Deal the file .\server\nemgr\nemgr_isite\plugins\com.huawei.isite.asn.jar
Deal the file .\server\nemgr\nemgr_isite\plugins\com.huawei.isite.common.jar
Deal the file .\server\nemgr\nemgr_isite\plugins\com.huawei.isite.sitemgr.jar
"Successed to unpack all the packages in server_nmsaccess.pack200lst"
